+ export NODE_ENV=dev
+ NODE_ENV=dev
+ mise exec -- bun x vite build
14:35:27 [vite-plugin-svelte] no Svelte config found at /Users/z/git/webc-zh - using default configuration.
vite v8.0.13 building client environment for production...
[2Ktransforming...✓ 114 modules transformed.
rendering chunks...
computing gzip size...
dist/Index.html                   0.65 kB │ gzip:  0.42 kB
dist/assets/Index-CYt3Br8V.css    1.71 kB │ gzip:  0.59 kB
dist/assets/Index-C_xwhgFq.js   142.05 kB │ gzip: 42.16 kB

✓ built in 235ms
